Copyright 1986-2022 Xilinx, Inc. All Rights Reserved. Copyright 2022-2025 Advanced Micro Devices, Inc. All Rights Reserved.
---------------------------------------------------------------------------------------------------------------------------------------------
| Tool Version : Vivado v.2025.2 (lin64) Build 6299465 Fri Nov 14 12:34:56 MST 2025
| Date         : Thu Apr  9 15:20:55 2026
| Host         : legolas running 64-bit CachyOS
| Command      : report_clock_utilization -file cw305_core_v_mini_mcu_wrapper_clock_utilization_routed.rpt
| Design       : cw305_core_v_mini_mcu_wrapper
| Device       : 7a100t-ftg256
| Speed File   : -2  PRODUCTION 1.23 2018-06-13
| Design State : Routed
---------------------------------------------------------------------------------------------------------------------------------------------

Clock Utilization Report

Table of Contents
-----------------
1. Clock Primitive Utilization
2. Global Clock Resources
3. Global Clock Source Details
4. Clock Regions: Key Resource Utilization
5. Clock Regions : Global Clock Summary
6. Device Cell Placement Summary for Global Clock g0
7. Device Cell Placement Summary for Global Clock g1
8. Device Cell Placement Summary for Global Clock g2
9. Device Cell Placement Summary for Global Clock g3
10. Device Cell Placement Summary for Global Clock g4
11. Device Cell Placement Summary for Global Clock g5
12. Clock Region Cell Placement per Global Clock: Region X0Y0
13. Clock Region Cell Placement per Global Clock: Region X1Y0
14. Clock Region Cell Placement per Global Clock: Region X0Y1
15. Clock Region Cell Placement per Global Clock: Region X1Y1
16. Clock Region Cell Placement per Global Clock: Region X0Y2
17. Clock Region Cell Placement per Global Clock: Region X1Y2
18. Clock Region Cell Placement per Global Clock: Region X0Y3
19. Clock Region Cell Placement per Global Clock: Region X1Y3

1. Clock Primitive Utilization
------------------------------

+----------+------+-----------+-----+--------------+--------+
| Type     | Used | Available | LOC | Clock Region | Pblock |
+----------+------+-----------+-----+--------------+--------+
| BUFGCTRL |    6 |        32 |   0 |            0 |      0 |
| BUFH     |    0 |        96 |   0 |            0 |      0 |
| BUFIO    |    0 |        24 |   0 |            0 |      0 |
| BUFMR    |    0 |        12 |   0 |            0 |      0 |
| BUFR     |    0 |        24 |   0 |            0 |      0 |
| MMCM     |    0 |         6 |   0 |            0 |      0 |
| PLL      |    0 |         6 |   0 |            0 |      0 |
+----------+------+-----------+-----+--------------+--------+


2. Global Clock Resources
-------------------------

+-----------+-----------+-----------------+------------+----------------+--------------+-------------------+-------------+-----------------+--------------+--------------+-----------------------------------------------------------------------------------------------------------------------------+-----------------------------------------------------------------------------------------------------------------------+
| Global Id | Source Id | Driver Type/Pin | Constraint | Site           | Clock Region | Load Clock Region | Clock Loads | Non-Clock Loads | Clock Period | Clock        | Driver Pin                                                                                                                  | Net                                                                                                                   |
+-----------+-----------+-----------------+------------+----------------+--------------+-------------------+-------------+-----------------+--------------+--------------+-----------------------------------------------------------------------------------------------------------------------------+-----------------------------------------------------------------------------------------------------------------------+
| g0        | src0      | BUFG/O          | None       | BUFGCTRL_X0Y2  | n/a          |                 8 |       14362 |               0 |       10.000 | sys_clk_pin  | clk_gen_buf/O                                                                                                               | clk_gen                                                                                                               |
| g1        | src1      | BUFG/O          | None       | BUFGCTRL_X0Y16 | n/a          |                 2 |        1337 |               0 |       10.000 | usb_clk_pin  | usb_clk_i_IBUF_BUFG_inst/O                                                                                                  | usb_clk_i_IBUF_BUFG                                                                                                   |
| g2        | src2      | BUFG/O          | None       | BUFGCTRL_X0Y0  | n/a          |                 2 |         303 |               1 |      100.000 | jtag_clk_pin | jtag_tck_buf_i_bufg/O                                                                                                       | jtag_tck_buf_i                                                                                                        |
| g3        | src2      | BUFGCTRL/O      | None       | BUFGCTRL_X0Y1  | n/a          |                 1 |           1 |               0 |      100.000 | jtag_clk_pin | x_heep_system_i/core_v_mini_mcu_i/debug_subsystem_i/dmi_jtag_i/i_dmi_jtag_tap/i_dft_tck_mux/xilinx_i_clk_mux2_i/i_BUFGMUX/O | x_heep_system_i/core_v_mini_mcu_i/debug_subsystem_i/dmi_jtag_i/i_dmi_jtag_tap/i_dft_tck_mux/xilinx_i_clk_mux2_i/tck_n |
| g3        | src2      | BUFGCTRL/O      | None       | BUFGCTRL_X0Y1  | n/a          |                 1 |           1 |               0 |      100.000 | jtag_clk_pin | x_heep_system_i/core_v_mini_mcu_i/debug_subsystem_i/dmi_jtag_i/i_dmi_jtag_tap/i_dft_tck_mux/xilinx_i_clk_mux2_i/i_BUFGMUX/O | x_heep_system_i/core_v_mini_mcu_i/debug_subsystem_i/dmi_jtag_i/i_dmi_jtag_tap/i_dft_tck_mux/xilinx_i_clk_mux2_i/tck_n |
| g4        | src3      | BUFGCTRL/O      | None       | BUFGCTRL_X0Y4  | n/a          |                 1 |           0 |               1 |          n/a | n/a          | x_heep_system_i/rstgen_i/i_rstgen_bypass/i_tc_clk_mux2_rst_n/xilinx_i_clk_mux2_i/i_BUFGMUX/O                                | x_heep_system_i/rstgen_i/i_rstgen_bypass/i_tc_clk_mux2_rst_n/xilinx_i_clk_mux2_i/rst_n                                |
| g4        | src4      | BUFGCTRL/O      | None       | BUFGCTRL_X0Y4  | n/a          |                 1 |           0 |               1 |          n/a | n/a          | x_heep_system_i/rstgen_i/i_rstgen_bypass/i_tc_clk_mux2_rst_n/xilinx_i_clk_mux2_i/i_BUFGMUX/O                                | x_heep_system_i/rstgen_i/i_rstgen_bypass/i_tc_clk_mux2_rst_n/xilinx_i_clk_mux2_i/rst_n                                |
| g5        | src5      | BUFGCTRL/O      | None       | BUFGCTRL_X0Y3  | n/a          |                 2 |           0 |               3 |          n/a | n/a          | x_heep_system_i/rstgen_i/i_rstgen_bypass/i_tc_clk_mux2_rst_no/xilinx_i_clk_mux2_i/i_BUFGMUX/O                               | x_heep_system_i/rstgen_i/i_rstgen_bypass/i_tc_clk_mux2_rst_no/xilinx_i_clk_mux2_i/rst_no                              |
| g5        | src6      | BUFGCTRL/O      | None       | BUFGCTRL_X0Y3  | n/a          |                 2 |           0 |               3 |          n/a | n/a          | x_heep_system_i/rstgen_i/i_rstgen_bypass/i_tc_clk_mux2_rst_no/xilinx_i_clk_mux2_i/i_BUFGMUX/O                               | x_heep_system_i/rstgen_i/i_rstgen_bypass/i_tc_clk_mux2_rst_no/xilinx_i_clk_mux2_i/rst_no                              |
+-----------+-----------+-----------------+------------+----------------+--------------+-------------------+-------------+-----------------+--------------+--------------+-----------------------------------------------------------------------------------------------------------------------------+-----------------------------------------------------------------------------------------------------------------------+
* Clock Loads column represents cell count of net connects that connect to a clock pin. Internal cell leaf pins are not considered
** Non-Clock Loads column represents cell count of non-clock pin loads


3. Global Clock Source Details
------------------------------

+-----------+-----------+-----------------+------------+---------------+--------------+-------------+-----------------+---------------------+--------------+---------------------------------------------------------------------------------------------------------------------------------+------------------------------------------------------------------------------------------------------------------------+
| Source Id | Global Id | Driver Type/Pin | Constraint | Site          | Clock Region | Clock Loads | Non-Clock Loads | Source Clock Period | Source Clock | Driver Pin                                                                                                                      | Net                                                                                                                    |
+-----------+-----------+-----------------+------------+---------------+--------------+-------------+-----------------+---------------------+--------------+---------------------------------------------------------------------------------------------------------------------------------+------------------------------------------------------------------------------------------------------------------------+
| src0      | g0        | IBUF/O          | IOB_X0Y76  | IOB_X0Y76     | X0Y1         |           1 |               0 |              10.000 | sys_clk_pin  | clk_i_IBUF_inst/O                                                                                                               | clk_i_IBUF                                                                                                             |
| src1      | g1        | IBUF/O          | IOB_X1Y124 | IOB_X1Y124    | X1Y2         |           1 |               0 |              10.000 | usb_clk_pin  | usb_clk_i_IBUF_inst/O                                                                                                           | usb_clk_i_IBUF                                                                                                         |
| src2      | g2        | IBUF/O          | IOB_X0Y139 | IOB_X0Y139    | X0Y2         |           1 |               0 |             100.000 | jtag_clk_pin | jtag_tck_i_IBUF_inst/O                                                                                                          | jtag_tck_i_IBUF                                                                                                        |
| src2      | g3        | LUT1/O          | None       | SLICE_X52Y96  | X1Y1         |           1 |               0 |             100.000 | jtag_clk_pin | x_heep_system_i/core_v_mini_mcu_i/debug_subsystem_i/dmi_jtag_i/i_dmi_jtag_tap/i_dft_tck_mux/xilinx_i_clk_mux2_i/i_BUFGMUX_i_1/O | x_heep_system_i/core_v_mini_mcu_i/debug_subsystem_i/dmi_jtag_i/i_dmi_jtag_tap/i_dft_tck_mux/xilinx_i_clk_mux2_i/tck_ni |
| src2      | g3        | BUFG/O          | None       | BUFGCTRL_X0Y0 | n/a          |           0 |               0 |             100.000 | jtag_clk_pin | jtag_tck_buf_i_bufg/O                                                                                                           | jtag_tck_buf_i                                                                                                         |
| src3      | g4        | LUT3/O          | None       | SLICE_X72Y91  | X1Y1         |           2 |               0 |                     |              | x_heep_system_i/core_v_mini_mcu_i/peripheral_subsystem_i/cw305_usb_u/u_bridge/i_BUFGMUX_i_1__0/O                                | x_heep_system_i/core_v_mini_mcu_i/peripheral_subsystem_i/cw305_usb_u/u_bridge/rst_test_mode_ni                         |
| src4      | g4        | LUT3/O          | None       | SLICE_X72Y91  | X1Y1         |           0 |               0 |                     |              | x_heep_system_i/core_v_mini_mcu_i/peripheral_subsystem_i/cw305_usb_u/u_bridge/i_BUFGMUX_i_1__0/O                                | x_heep_system_i/core_v_mini_mcu_i/peripheral_subsystem_i/cw305_usb_u/u_bridge/rst_test_mode_ni                         |
| src5      | g5        | FDCE/Q          | None       | SLICE_X8Y75   | X0Y1         |           1 |               0 |                     |              | x_heep_system_i/rstgen_i/i_rstgen_bypass/synch_regs_q_reg[3]/Q                                                                  | x_heep_system_i/rstgen_i/i_rstgen_bypass/synch_regs_q[3]                                                               |
| src6      | g5        | LUT3/O          | None       | SLICE_X72Y91  | X1Y1         |           0 |               0 |                     |              | x_heep_system_i/core_v_mini_mcu_i/peripheral_subsystem_i/cw305_usb_u/u_bridge/i_BUFGMUX_i_1__0/O                                | x_heep_system_i/core_v_mini_mcu_i/peripheral_subsystem_i/cw305_usb_u/u_bridge/rst_test_mode_ni                         |
+-----------+-----------+-----------------+------------+---------------+--------------+-------------+-----------------+---------------------+--------------+---------------------------------------------------------------------------------------------------------------------------------+------------------------------------------------------------------------------------------------------------------------+
* Clock Loads column represents cell count of net connects that connect to a clock pin. Internal cell leaf pins are not considered
** Non-Clock Loads column represents cell count of non-clock pin loads


4. Clock Regions: Key Resource Utilization
------------------------------------------

+-------------------+--------------+--------------+--------------+--------------+--------------+--------------+--------------+--------------+--------------+--------------+--------------+--------------+--------------+--------------+--------------+
|                   | Global Clock |     BUFRs    |    BUFMRs    |    BUFIOs    |     MMCM     |      PLL     |      GT      |      PCI     |    ILOGIC    |    OLOGIC    |      FF      |     LUTM     |    RAMB18    |    RAMB36    |    DSP48E2   |
+-------------------+------+-------+------+-------+------+-------+------+-------+------+-------+------+-------+------+-------+------+-------+------+-------+------+-------+------+-------+------+-------+------+-------+------+-------+------+-------+
| Clock Region Name | Used | Avail | Used | Avail | Used | Avail | Used | Avail | Used | Avail | Used | Avail | Used | Avail | Used | Avail | Used | Avail | Used | Avail | Used | Avail | Used | Avail | Used | Avail | Used | Avail | Used | Avail |
+-------------------+------+-------+------+-------+------+-------+------+-------+------+-------+------+-------+------+-------+------+-------+------+-------+------+-------+------+-------+------+-------+------+-------+------+-------+------+-------+
| X0Y0              |    1 |    12 |    0 |     4 |    0 |     2 |    0 |     4 |    0 |     1 |    0 |     1 |    0 |     0 |    0 |     0 |    0 |    50 |    0 |    50 |  575 |  2600 |  152 |   600 |    0 |    20 |    7 |    10 |    0 |    20 |
| X1Y0              |    1 |    12 |    0 |     0 |    0 |     0 |    0 |     0 |    0 |     0 |    0 |     0 |    0 |     4 |    0 |     0 |    0 |     0 |    0 |     0 |  771 |  1500 |  267 |   550 |    0 |    40 |   20 |    20 |    0 |    40 |
| X0Y1              |    2 |    12 |    0 |     4 |    0 |     2 |    0 |     4 |    0 |     1 |    0 |     1 |    0 |     0 |    0 |     0 |    0 |    50 |    0 |    50 | 1365 |  2000 |  342 |   600 |    0 |    20 |   10 |    10 |    0 |    20 |
| X1Y1              |    4 |    12 |    0 |     4 |    0 |     2 |    0 |     4 |    0 |     1 |    0 |     1 |    0 |     0 |    0 |     0 |    0 |    50 |    0 |    50 | 1796 |  1900 |  632 |   650 |    0 |    60 |   30 |    30 |    0 |    40 |
| X0Y2              |    3 |    12 |    0 |     4 |    0 |     2 |    0 |     4 |    0 |     1 |    0 |     1 |    0 |     0 |    0 |     0 |    0 |    50 |    0 |    50 | 3504 |  2000 | 1163 |   600 |    0 |    20 |   10 |    10 |    0 |    20 |
| X1Y2              |    2 |    12 |    0 |     4 |    0 |     2 |    0 |     4 |    0 |     1 |    0 |     1 |    0 |     0 |    0 |     0 |    0 |    50 |    0 |    50 | 2275 |  1900 |  825 |   650 |    0 |    60 |   30 |    30 |    0 |    40 |
| X0Y3              |    1 |    12 |    0 |     4 |    0 |     2 |    0 |     4 |    0 |     1 |    0 |     1 |    0 |     0 |    0 |     0 |    0 |    50 |    0 |    50 | 4457 |  2600 |  880 |   600 |    0 |    20 |    8 |    10 |    0 |    20 |
| X1Y3              |    1 |    12 |    0 |     0 |    0 |     0 |    0 |     0 |    0 |     0 |    0 |     0 |    0 |     4 |    0 |     1 |    0 |     0 |    0 |     0 | 1129 |  1350 |  467 |   500 |    0 |    30 |   14 |    15 |    0 |    40 |
+-------------------+------+-------+------+-------+------+-------+------+-------+------+-------+------+-------+------+-------+------+-------+------+-------+------+-------+------+-------+------+-------+------+-------+------+-------+------+-------+
* Global Clock column represents track count; while other columns represents cell counts


5. Clock Regions : Global Clock Summary
---------------------------------------

All Modules
+----+----+----+
|    | X0 | X1 |
+----+----+----+
| Y3 |  0 |  0 |
| Y2 |  0 |  0 |
| Y1 |  0 |  0 |
| Y0 |  0 |  0 |
+----+----+----+


6. Device Cell Placement Summary for Global Clock g0
----------------------------------------------------

+-----------+-----------------+-------------------+-------------+-------------+---------------+-------------+----------+----------------+----------+---------+
| Global Id | Driver Type/Pin | Driver Region (D) | Clock       | Period (ns) | Waveform (ns) | Slice Loads | IO Loads | Clocking Loads | GT Loads | Net     |
+-----------+-----------------+-------------------+-------------+-------------+---------------+-------------+----------+----------------+----------+---------+
| g0        | BUFG/O          | n/a               | sys_clk_pin |      10.000 | {0.000 5.000} |       14362 |        0 |              0 |        0 | clk_gen |
+-----------+-----------------+-------------------+-------------+-------------+---------------+-------------+----------+----------------+----------+---------+
* Slice Loads column represents load cell count of all cell types other than IO, GT and clock resources
** IO Loads column represents load cell count of IO types
*** Clocking Loads column represents load cell count that are clock resources (global clock buffer, MMCM, PLL, etc)
**** GT Loads column represents load cell count of GT types


+----+-------+-------+-----------------------+
|    | X0    | X1    | HORIZONTAL PROG DELAY |
+----+-------+-------+-----------------------+
| Y3 |  4465 |  1143 |                     0 |
| Y2 |  3069 |  1414 |                     0 |
| Y1 |  1375 |  1523 |                     0 |
| Y0 |   582 |   791 |                     0 |
+----+-------+-------+-----------------------+


7. Device Cell Placement Summary for Global Clock g1
----------------------------------------------------

+-----------+-----------------+-------------------+-------------+-------------+---------------+-------------+----------+----------------+----------+---------------------+
| Global Id | Driver Type/Pin | Driver Region (D) | Clock       | Period (ns) | Waveform (ns) | Slice Loads | IO Loads | Clocking Loads | GT Loads | Net                 |
+-----------+-----------------+-------------------+-------------+-------------+---------------+-------------+----------+----------------+----------+---------------------+
| g1        | BUFG/O          | n/a               | usb_clk_pin |      10.000 | {0.000 5.000} |        1337 |        0 |              0 |        0 | usb_clk_i_IBUF_BUFG |
+-----------+-----------------+-------------------+-------------+-------------+---------------+-------------+----------+----------------+----------+---------------------+
* Slice Loads column represents load cell count of all cell types other than IO, GT and clock resources
** IO Loads column represents load cell count of IO types
*** Clocking Loads column represents load cell count that are clock resources (global clock buffer, MMCM, PLL, etc)
**** GT Loads column represents load cell count of GT types


+----+------+------+-----------------------+
|    | X0   | X1   | HORIZONTAL PROG DELAY |
+----+------+------+-----------------------+
| Y3 |    0 |    0 |                     - |
| Y2 |  445 |  892 |                     0 |
| Y1 |    0 |    0 |                     - |
| Y0 |    0 |    0 |                     - |
+----+------+------+-----------------------+


8. Device Cell Placement Summary for Global Clock g2
----------------------------------------------------

+-----------+-----------------+-------------------+--------------+-------------+---------------+-------------+----------+----------------+----------+----------------+
| Global Id | Driver Type/Pin | Driver Region (D) | Clock        | Period (ns) | Waveform (ns) | Slice Loads | IO Loads | Clocking Loads | GT Loads | Net            |
+-----------+-----------------+-------------------+--------------+-------------+---------------+-------------+----------+----------------+----------+----------------+
| g2        | BUFG/O          | n/a               | jtag_clk_pin |     100.000 | {0.000 5.000} |         303 |        0 |              1 |        0 | jtag_tck_buf_i |
+-----------+-----------------+-------------------+--------------+-------------+---------------+-------------+----------+----------------+----------+----------------+
* Slice Loads column represents load cell count of all cell types other than IO, GT and clock resources
** IO Loads column represents load cell count of IO types
*** Clocking Loads column represents load cell count that are clock resources (global clock buffer, MMCM, PLL, etc)
**** GT Loads column represents load cell count of GT types


+----+----+------+-----------------------+
|    | X0 | X1   | HORIZONTAL PROG DELAY |
+----+----+------+-----------------------+
| Y3 |  0 |    0 |                     - |
| Y2 |  0 |    0 |                     - |
| Y1 |  0 |  303 |                     0 |
| Y0 |  0 |    0 |                     - |
+----+----+------+-----------------------+


9. Device Cell Placement Summary for Global Clock g3
----------------------------------------------------

+-----------+-----------------+-------------------+--------------+-------------+---------------+-------------+----------+----------------+----------+-----------------------------------------------------------------------------------------------------------------------+
| Global Id | Driver Type/Pin | Driver Region (D) | Clock        | Period (ns) | Waveform (ns) | Slice Loads | IO Loads | Clocking Loads | GT Loads | Net                                                                                                                   |
+-----------+-----------------+-------------------+--------------+-------------+---------------+-------------+----------+----------------+----------+-----------------------------------------------------------------------------------------------------------------------+
| g3        | BUFGCTRL/O      | n/a               | jtag_clk_pin |     100.000 | {0.000 5.000} |           1 |        0 |              0 |        0 | x_heep_system_i/core_v_mini_mcu_i/debug_subsystem_i/dmi_jtag_i/i_dmi_jtag_tap/i_dft_tck_mux/xilinx_i_clk_mux2_i/tck_n |
+-----------+-----------------+-------------------+--------------+-------------+---------------+-------------+----------+----------------+----------+-----------------------------------------------------------------------------------------------------------------------+
* Slice Loads column represents load cell count of all cell types other than IO, GT and clock resources
** IO Loads column represents load cell count of IO types
*** Clocking Loads column represents load cell count that are clock resources (global clock buffer, MMCM, PLL, etc)
**** GT Loads column represents load cell count of GT types


+----+----+----+-----------------------+
|    | X0 | X1 | HORIZONTAL PROG DELAY |
+----+----+----+-----------------------+
| Y3 |  0 |  0 |                     - |
| Y2 |  0 |  0 |                     - |
| Y1 |  0 |  1 |                     0 |
| Y0 |  0 |  0 |                     - |
+----+----+----+-----------------------+


10. Device Cell Placement Summary for Global Clock g4
-----------------------------------------------------

+-----------+-----------------+-------------------+-------+-------------+---------------+-------------+----------+----------------+----------+----------------------------------------------------------------------------------------+
| Global Id | Driver Type/Pin | Driver Region (D) | Clock | Period (ns) | Waveform (ns) | Slice Loads | IO Loads | Clocking Loads | GT Loads | Net                                                                                    |
+-----------+-----------------+-------------------+-------+-------------+---------------+-------------+----------+----------------+----------+----------------------------------------------------------------------------------------+
| g4        | BUFGCTRL/O      | n/a               |       |             |               |           1 |        0 |              0 |        0 | x_heep_system_i/rstgen_i/i_rstgen_bypass/i_tc_clk_mux2_rst_n/xilinx_i_clk_mux2_i/rst_n |
+-----------+-----------------+-------------------+-------+-------------+---------------+-------------+----------+----------------+----------+----------------------------------------------------------------------------------------+
* Slice Loads column represents load cell count of all cell types other than IO, GT and clock resources
** IO Loads column represents load cell count of IO types
*** Clocking Loads column represents load cell count that are clock resources (global clock buffer, MMCM, PLL, etc)
**** GT Loads column represents load cell count of GT types


+----+----+----+-----------------------+
|    | X0 | X1 | HORIZONTAL PROG DELAY |
+----+----+----+-----------------------+
| Y3 |  0 |  0 |                     - |
| Y2 |  0 |  0 |                     - |
| Y1 |  1 |  0 |                     0 |
| Y0 |  0 |  0 |                     - |
+----+----+----+-----------------------+


11. Device Cell Placement Summary for Global Clock g5
-----------------------------------------------------

+-----------+-----------------+-------------------+-------+-------------+---------------+-------------+----------+----------------+----------+------------------------------------------------------------------------------------------+
| Global Id | Driver Type/Pin | Driver Region (D) | Clock | Period (ns) | Waveform (ns) | Slice Loads | IO Loads | Clocking Loads | GT Loads | Net                                                                                      |
+-----------+-----------------+-------------------+-------+-------------+---------------+-------------+----------+----------------+----------+------------------------------------------------------------------------------------------+
| g5        | BUFGCTRL/O      | n/a               |       |             |               |           3 |        0 |              0 |        0 | x_heep_system_i/rstgen_i/i_rstgen_bypass/i_tc_clk_mux2_rst_no/xilinx_i_clk_mux2_i/rst_no |
+-----------+-----------------+-------------------+-------+-------------+---------------+-------------+----------+----------------+----------+------------------------------------------------------------------------------------------+
* Slice Loads column represents load cell count of all cell types other than IO, GT and clock resources
** IO Loads column represents load cell count of IO types
*** Clocking Loads column represents load cell count that are clock resources (global clock buffer, MMCM, PLL, etc)
**** GT Loads column represents load cell count of GT types


+----+----+----+-----------------------+
|    | X0 | X1 | HORIZONTAL PROG DELAY |
+----+----+----+-----------------------+
| Y3 |  0 |  0 |                     - |
| Y2 |  2 |  0 |                     0 |
| Y1 |  0 |  1 |                     0 |
| Y0 |  0 |  0 |                     - |
+----+----+----+-----------------------+


12. Clock Region Cell Placement per Global Clock: Region X0Y0
-------------------------------------------------------------

+-----------+-------+-----------------+------------+-------------+-----------------+-----+-------------+------+-----+----+------+-----+---------+---------+
| Global Id | Track | Driver Type/Pin | Constraint | Clock Loads | Non-Clock Loads | FF  | Memory LUTs | RAMB | DSP | GT | MMCM | PLL | Hard IP | Net     |
+-----------+-------+-----------------+------------+-------------+-----------------+-----+-------------+------+-----+----+------+-----+---------+---------+
| g0        | n/a   | BUFG/O          | None       |         582 |               0 | 575 |           0 |    7 |   0 |  0 |    0 |   0 |       0 | clk_gen |
+-----------+-------+-----------------+------------+-------------+-----------------+-----+-------------+------+-----+----+------+-----+---------+---------+
* Clock Loads column represents cell count of net connects that connect to a clock pin. Internal cell leaf pins are not considered
** Non-Clock Loads column represents cell count of non-clock pin loads
*** Columns FF, LUTRAM, RAMB through 'Hard IP' represents load cell counts


13. Clock Region Cell Placement per Global Clock: Region X1Y0
-------------------------------------------------------------

+-----------+-------+-----------------+------------+-------------+-----------------+-----+-------------+------+-----+----+------+-----+---------+---------+
| Global Id | Track | Driver Type/Pin | Constraint | Clock Loads | Non-Clock Loads | FF  | Memory LUTs | RAMB | DSP | GT | MMCM | PLL | Hard IP | Net     |
+-----------+-------+-----------------+------------+-------------+-----------------+-----+-------------+------+-----+----+------+-----+---------+---------+
| g0        | n/a   | BUFG/O          | None       |         791 |               0 | 771 |           0 |   20 |   0 |  0 |    0 |   0 |       0 | clk_gen |
+-----------+-------+-----------------+------------+-------------+-----------------+-----+-------------+------+-----+----+------+-----+---------+---------+
* Clock Loads column represents cell count of net connects that connect to a clock pin. Internal cell leaf pins are not considered
** Non-Clock Loads column represents cell count of non-clock pin loads
*** Columns FF, LUTRAM, RAMB through 'Hard IP' represents load cell counts


14. Clock Region Cell Placement per Global Clock: Region X0Y1
-------------------------------------------------------------

+-----------+-------+-----------------+------------+-------------+-----------------+------+-------------+------+-----+----+------+-----+---------+----------------------------------------------------------------------------------------+
| Global Id | Track | Driver Type/Pin | Constraint | Clock Loads | Non-Clock Loads | FF   | Memory LUTs | RAMB | DSP | GT | MMCM | PLL | Hard IP | Net                                                                                    |
+-----------+-------+-----------------+------------+-------------+-----------------+------+-------------+------+-----+----+------+-----+---------+----------------------------------------------------------------------------------------+
| g0        | n/a   | BUFG/O          | None       |        1375 |               0 | 1365 |           0 |   10 |   0 |  0 |    0 |   0 |       0 | clk_gen                                                                                |
| g4        | n/a   | BUFGCTRL/O      | None       |           0 |               1 |    0 |           0 |    0 |   0 |  0 |    0 |   0 |       0 | x_heep_system_i/rstgen_i/i_rstgen_bypass/i_tc_clk_mux2_rst_n/xilinx_i_clk_mux2_i/rst_n |
+-----------+-------+-----------------+------------+-------------+-----------------+------+-------------+------+-----+----+------+-----+---------+----------------------------------------------------------------------------------------+
* Clock Loads column represents cell count of net connects that connect to a clock pin. Internal cell leaf pins are not considered
** Non-Clock Loads column represents cell count of non-clock pin loads
*** Columns FF, LUTRAM, RAMB through 'Hard IP' represents load cell counts


15. Clock Region Cell Placement per Global Clock: Region X1Y1
-------------------------------------------------------------

+-----------+-------+-----------------+------------+-------------+-----------------+------+-------------+------+-----+----+------+-----+---------+-----------------------------------------------------------------------------------------------------------------------+
| Global Id | Track | Driver Type/Pin | Constraint | Clock Loads | Non-Clock Loads | FF   | Memory LUTs | RAMB | DSP | GT | MMCM | PLL | Hard IP | Net                                                                                                                   |
+-----------+-------+-----------------+------------+-------------+-----------------+------+-------------+------+-----+----+------+-----+---------+-----------------------------------------------------------------------------------------------------------------------+
| g0        | n/a   | BUFG/O          | None       |        1523 |               0 | 1493 |           0 |   30 |   0 |  0 |    0 |   0 |       0 | clk_gen                                                                                                               |
| g2        | n/a   | BUFG/O          | None       |         302 |               1 |  302 |           0 |    0 |   0 |  0 |    0 |   0 |       0 | jtag_tck_buf_i                                                                                                        |
| g3        | n/a   | BUFGCTRL/O      | None       |           1 |               0 |    1 |           0 |    0 |   0 |  0 |    0 |   0 |       0 | x_heep_system_i/core_v_mini_mcu_i/debug_subsystem_i/dmi_jtag_i/i_dmi_jtag_tap/i_dft_tck_mux/xilinx_i_clk_mux2_i/tck_n |
| g5        | n/a   | BUFGCTRL/O      | None       |           0 |               1 |    0 |           0 |    0 |   0 |  0 |    0 |   0 |       0 | x_heep_system_i/rstgen_i/i_rstgen_bypass/i_tc_clk_mux2_rst_no/xilinx_i_clk_mux2_i/rst_no                              |
+-----------+-------+-----------------+------------+-------------+-----------------+------+-------------+------+-----+----+------+-----+---------+-----------------------------------------------------------------------------------------------------------------------+
* Clock Loads column represents cell count of net connects that connect to a clock pin. Internal cell leaf pins are not considered
** Non-Clock Loads column represents cell count of non-clock pin loads
*** Columns FF, LUTRAM, RAMB through 'Hard IP' represents load cell counts


16. Clock Region Cell Placement per Global Clock: Region X0Y2
-------------------------------------------------------------

+-----------+-------+-----------------+------------+-------------+-----------------+------+-------------+------+-----+----+------+-----+---------+------------------------------------------------------------------------------------------+
| Global Id | Track | Driver Type/Pin | Constraint | Clock Loads | Non-Clock Loads | FF   | Memory LUTs | RAMB | DSP | GT | MMCM | PLL | Hard IP | Net                                                                                      |
+-----------+-------+-----------------+------------+-------------+-----------------+------+-------------+------+-----+----+------+-----+---------+------------------------------------------------------------------------------------------+
| g0        | n/a   | BUFG/O          | None       |        3069 |               0 | 3059 |           0 |   10 |   0 |  0 |    0 |   0 |       0 | clk_gen                                                                                  |
| g1        | n/a   | BUFG/O          | None       |         445 |               0 |  445 |           0 |    0 |   0 |  0 |    0 |   0 |       0 | usb_clk_i_IBUF_BUFG                                                                      |
| g5        | n/a   | BUFGCTRL/O      | None       |           0 |               2 |    0 |           0 |    0 |   0 |  0 |    0 |   0 |       0 | x_heep_system_i/rstgen_i/i_rstgen_bypass/i_tc_clk_mux2_rst_no/xilinx_i_clk_mux2_i/rst_no |
+-----------+-------+-----------------+------------+-------------+-----------------+------+-------------+------+-----+----+------+-----+---------+------------------------------------------------------------------------------------------+
* Clock Loads column represents cell count of net connects that connect to a clock pin. Internal cell leaf pins are not considered
** Non-Clock Loads column represents cell count of non-clock pin loads
*** Columns FF, LUTRAM, RAMB through 'Hard IP' represents load cell counts


17. Clock Region Cell Placement per Global Clock: Region X1Y2
-------------------------------------------------------------

+-----------+-------+-----------------+------------+-------------+-----------------+------+-------------+------+-----+----+------+-----+---------+---------------------+
| Global Id | Track | Driver Type/Pin | Constraint | Clock Loads | Non-Clock Loads | FF   | Memory LUTs | RAMB | DSP | GT | MMCM | PLL | Hard IP | Net                 |
+-----------+-------+-----------------+------------+-------------+-----------------+------+-------------+------+-----+----+------+-----+---------+---------------------+
| g0        | n/a   | BUFG/O          | None       |        1414 |               0 | 1384 |           0 |   30 |   0 |  0 |    0 |   0 |       0 | clk_gen             |
| g1        | n/a   | BUFG/O          | None       |         892 |               0 |  891 |           0 |    1 |   0 |  0 |    0 |   0 |       0 | usb_clk_i_IBUF_BUFG |
+-----------+-------+-----------------+------------+-------------+-----------------+------+-------------+------+-----+----+------+-----+---------+---------------------+
* Clock Loads column represents cell count of net connects that connect to a clock pin. Internal cell leaf pins are not considered
** Non-Clock Loads column represents cell count of non-clock pin loads
*** Columns FF, LUTRAM, RAMB through 'Hard IP' represents load cell counts


18. Clock Region Cell Placement per Global Clock: Region X0Y3
-------------------------------------------------------------

+-----------+-------+-----------------+------------+-------------+-----------------+------+-------------+------+-----+----+------+-----+---------+---------+
| Global Id | Track | Driver Type/Pin | Constraint | Clock Loads | Non-Clock Loads | FF   | Memory LUTs | RAMB | DSP | GT | MMCM | PLL | Hard IP | Net     |
+-----------+-------+-----------------+------------+-------------+-----------------+------+-------------+------+-----+----+------+-----+---------+---------+
| g0        | n/a   | BUFG/O          | None       |        4465 |               0 | 4457 |           0 |    8 |   0 |  0 |    0 |   0 |       0 | clk_gen |
+-----------+-------+-----------------+------------+-------------+-----------------+------+-------------+------+-----+----+------+-----+---------+---------+
* Clock Loads column represents cell count of net connects that connect to a clock pin. Internal cell leaf pins are not considered
** Non-Clock Loads column represents cell count of non-clock pin loads
*** Columns FF, LUTRAM, RAMB through 'Hard IP' represents load cell counts


19. Clock Region Cell Placement per Global Clock: Region X1Y3
-------------------------------------------------------------

+-----------+-------+-----------------+------------+-------------+-----------------+------+-------------+------+-----+----+------+-----+---------+---------+
| Global Id | Track | Driver Type/Pin | Constraint | Clock Loads | Non-Clock Loads | FF   | Memory LUTs | RAMB | DSP | GT | MMCM | PLL | Hard IP | Net     |
+-----------+-------+-----------------+------------+-------------+-----------------+------+-------------+------+-----+----+------+-----+---------+---------+
| g0        | n/a   | BUFG/O          | None       |        1143 |               0 | 1129 |           0 |   14 |   0 |  0 |    0 |   0 |       0 | clk_gen |
+-----------+-------+-----------------+------------+-------------+-----------------+------+-------------+------+-----+----+------+-----+---------+---------+
* Clock Loads column represents cell count of net connects that connect to a clock pin. Internal cell leaf pins are not considered
** Non-Clock Loads column represents cell count of non-clock pin loads
*** Columns FF, LUTRAM, RAMB through 'Hard IP' represents load cell counts



# Location of BUFG Primitives 
set_property LOC BUFGCTRL_X0Y3 [get_cells x_heep_system_i/rstgen_i/i_rstgen_bypass/i_tc_clk_mux2_rst_no/xilinx_i_clk_mux2_i/i_BUFGMUX]
set_property LOC BUFGCTRL_X0Y4 [get_cells x_heep_system_i/rstgen_i/i_rstgen_bypass/i_tc_clk_mux2_rst_n/xilinx_i_clk_mux2_i/i_BUFGMUX]
set_property LOC BUFGCTRL_X0Y1 [get_cells x_heep_system_i/core_v_mini_mcu_i/debug_subsystem_i/dmi_jtag_i/i_dmi_jtag_tap/i_dft_tck_mux/xilinx_i_clk_mux2_i/i_BUFGMUX]
set_property LOC BUFGCTRL_X0Y16 [get_cells usb_clk_i_IBUF_BUFG_inst]
set_property LOC BUFGCTRL_X0Y0 [get_cells jtag_tck_buf_i_bufg]
set_property LOC BUFGCTRL_X0Y2 [get_cells clk_gen_buf]

# Location of IO Primitives which is load of clock spine

# Location of clock ports

# Clock net "x_heep_system_i/rstgen_i/i_rstgen_bypass/i_tc_clk_mux2_rst_no/xilinx_i_clk_mux2_i/rst_no" driven by instance "x_heep_system_i/rstgen_i/i_rstgen_bypass/i_tc_clk_mux2_rst_no/xilinx_i_clk_mux2_i/i_BUFGMUX" located at site "BUFGCTRL_X0Y3"
#startgroup
create_pblock {CLKAG_x_heep_system_i/rstgen_i/i_rstgen_bypass/i_tc_clk_mux2_rst_no/xilinx_i_clk_mux2_i/rst_no}
add_cells_to_pblock [get_pblocks  {CLKAG_x_heep_system_i/rstgen_i/i_rstgen_bypass/i_tc_clk_mux2_rst_no/xilinx_i_clk_mux2_i/rst_no}] [get_cells -filter { PRIMITIVE_GROUP != I/O && IS_PRIMITIVE==1 && PRIMITIVE_LEVEL !=INTERNAL } -of_object [get_pins -filter {DIRECTION==IN} -of_objects [get_nets -hierarchical -filter {PARENT=="x_heep_system_i/rstgen_i/i_rstgen_bypass/i_tc_clk_mux2_rst_no/xilinx_i_clk_mux2_i/rst_no"}]]]
resize_pblock [get_pblocks {CLKAG_x_heep_system_i/rstgen_i/i_rstgen_bypass/i_tc_clk_mux2_rst_no/xilinx_i_clk_mux2_i/rst_no}] -add {CLOCKREGION_X0Y2:CLOCKREGION_X0Y2 CLOCKREGION_X1Y1:CLOCKREGION_X1Y1}
#endgroup

# Clock net "x_heep_system_i/rstgen_i/i_rstgen_bypass/i_tc_clk_mux2_rst_n/xilinx_i_clk_mux2_i/rst_n" driven by instance "x_heep_system_i/rstgen_i/i_rstgen_bypass/i_tc_clk_mux2_rst_n/xilinx_i_clk_mux2_i/i_BUFGMUX" located at site "BUFGCTRL_X0Y4"
#startgroup
create_pblock {CLKAG_x_heep_system_i/rstgen_i/i_rstgen_bypass/i_tc_clk_mux2_rst_n/xilinx_i_clk_mux2_i/rst_n}
add_cells_to_pblock [get_pblocks  {CLKAG_x_heep_system_i/rstgen_i/i_rstgen_bypass/i_tc_clk_mux2_rst_n/xilinx_i_clk_mux2_i/rst_n}] [get_cells -filter { PRIMITIVE_GROUP != I/O && IS_PRIMITIVE==1 && PRIMITIVE_LEVEL !=INTERNAL } -of_object [get_pins -filter {DIRECTION==IN} -of_objects [get_nets -hierarchical -filter {PARENT=="x_heep_system_i/rstgen_i/i_rstgen_bypass/i_tc_clk_mux2_rst_n/xilinx_i_clk_mux2_i/rst_n"}]]]
resize_pblock [get_pblocks {CLKAG_x_heep_system_i/rstgen_i/i_rstgen_bypass/i_tc_clk_mux2_rst_n/xilinx_i_clk_mux2_i/rst_n}] -add {CLOCKREGION_X0Y1:CLOCKREGION_X0Y1}
#endgroup

# Clock net "x_heep_system_i/core_v_mini_mcu_i/debug_subsystem_i/dmi_jtag_i/i_dmi_jtag_tap/i_dft_tck_mux/xilinx_i_clk_mux2_i/tck_n" driven by instance "x_heep_system_i/core_v_mini_mcu_i/debug_subsystem_i/dmi_jtag_i/i_dmi_jtag_tap/i_dft_tck_mux/xilinx_i_clk_mux2_i/i_BUFGMUX" located at site "BUFGCTRL_X0Y1"
#startgroup
create_pblock {CLKAG_x_heep_system_i/core_v_mini_mcu_i/debug_subsystem_i/dmi_jtag_i/i_dmi_jtag_tap/i_dft_tck_mux/xilinx_i_clk_mux2_i/tck_n}
add_cells_to_pblock [get_pblocks  {CLKAG_x_heep_system_i/core_v_mini_mcu_i/debug_subsystem_i/dmi_jtag_i/i_dmi_jtag_tap/i_dft_tck_mux/xilinx_i_clk_mux2_i/tck_n}] [get_cells -filter { PRIMITIVE_GROUP != I/O && IS_PRIMITIVE==1 && PRIMITIVE_LEVEL !=INTERNAL } -of_object [get_pins -filter {DIRECTION==IN} -of_objects [get_nets -hierarchical -filter {PARENT=="x_heep_system_i/core_v_mini_mcu_i/debug_subsystem_i/dmi_jtag_i/i_dmi_jtag_tap/i_dft_tck_mux/xilinx_i_clk_mux2_i/tck_n"}]]]
resize_pblock [get_pblocks {CLKAG_x_heep_system_i/core_v_mini_mcu_i/debug_subsystem_i/dmi_jtag_i/i_dmi_jtag_tap/i_dft_tck_mux/xilinx_i_clk_mux2_i/tck_n}] -add {CLOCKREGION_X1Y1:CLOCKREGION_X1Y1}
#endgroup

# Clock net "usb_clk_i_IBUF_BUFG" driven by instance "usb_clk_i_IBUF_BUFG_inst" located at site "BUFGCTRL_X0Y16"
#startgroup
create_pblock {CLKAG_usb_clk_i_IBUF_BUFG}
add_cells_to_pblock [get_pblocks  {CLKAG_usb_clk_i_IBUF_BUFG}] [get_cells -filter { PRIMITIVE_GROUP != I/O && IS_PRIMITIVE==1 && PRIMITIVE_LEVEL !=INTERNAL } -of_object [get_pins -filter {DIRECTION==IN} -of_objects [get_nets -hierarchical -filter {PARENT=="usb_clk_i_IBUF_BUFG"}]]]
resize_pblock [get_pblocks {CLKAG_usb_clk_i_IBUF_BUFG}] -add {CLOCKREGION_X0Y2:CLOCKREGION_X0Y2 CLOCKREGION_X1Y2:CLOCKREGION_X1Y2}
#endgroup

# Clock net "jtag_tck_buf_i" driven by instance "jtag_tck_buf_i_bufg" located at site "BUFGCTRL_X0Y0"
#startgroup
create_pblock {CLKAG_jtag_tck_buf_i}
add_cells_to_pblock [get_pblocks  {CLKAG_jtag_tck_buf_i}] [get_cells -filter { PRIMITIVE_GROUP != I/O && IS_PRIMITIVE==1 && PRIMITIVE_LEVEL !=INTERNAL && NAME!=x_heep_system_i/core_v_mini_mcu_i/debug_subsystem_i/dmi_jtag_i/i_dmi_jtag_tap/i_dft_tck_mux/xilinx_i_clk_mux2_i/i_BUFGMUX} -of_object [get_pins -filter {DIRECTION==IN} -of_objects [get_nets -hierarchical -filter {PARENT=="jtag_tck_buf_i"}]]]
resize_pblock [get_pblocks {CLKAG_jtag_tck_buf_i}] -add {CLOCKREGION_X1Y1:CLOCKREGION_X1Y1}
#endgroup

# Clock net "clk_gen" driven by instance "clk_gen_buf" located at site "BUFGCTRL_X0Y2"
#startgroup
create_pblock {CLKAG_clk_gen}
add_cells_to_pblock [get_pblocks  {CLKAG_clk_gen}] [get_cells -filter { PRIMITIVE_GROUP != I/O && IS_PRIMITIVE==1 && PRIMITIVE_LEVEL !=INTERNAL } -of_object [get_pins -filter {DIRECTION==IN} -of_objects [get_nets -hierarchical -filter {PARENT=="clk_gen"}]]]
resize_pblock [get_pblocks {CLKAG_clk_gen}] -add {CLOCKREGION_X0Y0:CLOCKREGION_X0Y0 CLOCKREGION_X0Y1:CLOCKREGION_X0Y1 CLOCKREGION_X0Y2:CLOCKREGION_X0Y2 CLOCKREGION_X0Y3:CLOCKREGION_X0Y3 CLOCKREGION_X1Y0:CLOCKREGION_X1Y0 CLOCKREGION_X1Y1:CLOCKREGION_X1Y1 CLOCKREGION_X1Y2:CLOCKREGION_X1Y2 CLOCKREGION_X1Y3:CLOCKREGION_X1Y3}
#endgroup
